src/app/boutique/page.tsx(78,55): error TS7006: Parameter 'rec' implicitly has an 'any' type.
src/app/boutique/page.tsx(78,60): error TS7006: Parameter 'idx' implicitly has an 'any' type.
src/app/dashboard/page.tsx(254,39): error TS7006: Parameter 'insight' implicitly has an 'any' type.
src/app/dashboard/page.tsx(254,48): error TS7006: Parameter 'idx' implicitly has an 'any' type.
src/components/ui/calendar.tsx(57,9): error TS2353: Object literal may only specify known properties, and 'IconLeft' does not exist in type 'Partial<CustomComponents>'.
src/components/ui/calendar.tsx(57,22): error TS7031: Binding element 'className' implicitly has an 'any' type.
src/components/ui/calendar.tsx(60,23): error TS7031: Binding element 'className' implicitly has an 'any' type.
